id\ac\unpas\tubes\Home$7.class
id\ac\unpas\tubes\aut\Register$4.class
id\ac\unpas\tubes\DataUser$1.class
dao\UserDao.class
app\service\TableModel\WasteCategoriesTableModel.class
dao\OrderDao.class
id\ac\unpas\tubes\aut\Login$3.class
app\service\TableModel\WasteTopDaerahTableModel.class
id\ac\unpas\tubes\aut\Register$7.class
db\Seeders.class
run\MainApp.class
id\ac\unpas\tubes\Home$6.class
id\ac\unpas\tubes\aut\Register$8.class
id\ac\unpas\tubes\Home$12.class
id\ac\unpas\tubes\aut\Register$1.class
app\model\Order.class
id\ac\unpas\tubes\aut\Register$5.class
app\service\AppSession.class
app\service\TableModel\WasteTopUserTableModel.class
id\ac\unpas\tubes\Home$3.class
app\model\User.class
id\ac\unpas\tubes\Home$9.class
dao\KurirDao.class
app\service\TableModel\WasteAllOrdersDataTableModel.class
app\service\TableModel\WasteAllUsersTableModel.class
id\ac\unpas\tubes\aut\Login$1.class
id\ac\unpas\tubes\Home$2.class
id\ac\unpas\tubes\Home.class
app\service\TableModel\WasteAllCategoriesTableModel.class
id\ac\unpas\tubes\aut\Login$4.class
id\ac\unpas\tubes\Home$5.class
id\ac\unpas\tubes\aut\Register$2.class
id\ac\unpas\tubes\DataUser$3.class
app\model\Kurir.class
id\ac\unpas\tubes\Home$11.class
id\ac\unpas\tubes\aut\Login.class
id\ac\unpas\tubes\aut\Register$3.class
id\ac\unpas\tubes\aut\Login$5.class
id\ac\unpas\tubes\Home$8.class
app\model\KategoriTerbanyak.class
id\ac\unpas\tubes\aut\Register$6.class
id\ac\unpas\tubes\aut\Register.class
id\ac\unpas\tubes\DataUser$2.class
dao\EwasteDao.class
id\ac\unpas\tubes\Home$10.class
id\ac\unpas\tubes\Home$4.class
id\ac\unpas\tubes\aut\Login$2.class
id\ac\unpas\tubes\DataUser.class
db\MySqlConnection.class
id\ac\unpas\tubes\Home$1.class
