C:\Users\user\Documents\NetBeansProjects\pp2Tubeskel9\kel9\src\main\java\app\service\TableModel\WasteTopDaerahTableModel.java
C:\Users\user\Documents\NetBeansProjects\pp2Tubeskel9\kel9\src\main\java\dao\KurirDao.java
C:\Users\user\Documents\NetBeansProjects\pp2Tubeskel9\kel9\src\main\java\id\ac\unpas\tubes\aut\Register.java
C:\Users\user\Documents\NetBeansProjects\pp2Tubeskel9\kel9\src\main\java\run\MainApp.java
C:\Users\user\Documents\NetBeansProjects\pp2Tubeskel9\kel9\src\main\java\dao\EwasteDao.java
C:\Users\user\Documents\NetBeansProjects\pp2Tubeskel9\kel9\src\main\java\app\service\TableModel\WasteAllUsersTableModel.java
C:\Users\user\Documents\NetBeansProjects\pp2Tubeskel9\kel9\src\main\java\app\service\TableModel\WasteCategoriesTableModel.java
C:\Users\user\Documents\NetBeansProjects\pp2Tubeskel9\kel9\src\main\java\app\service\TableModel\WasteTopUserTableModel.java
C:\Users\user\Documents\NetBeansProjects\pp2Tubeskel9\kel9\src\main\java\id\ac\unpas\tubes\DataUser.java
C:\Users\user\Documents\NetBeansProjects\pp2Tubeskel9\kel9\src\main\java\id\ac\unpas\tubes\Home.java
C:\Users\user\Documents\NetBeansProjects\pp2Tubeskel9\kel9\src\main\java\app\model\Order.java
C:\Users\user\Documents\NetBeansProjects\pp2Tubeskel9\kel9\src\main\java\app\service\TableModel\WasteAllCategoriesTableModel.java
C:\Users\user\Documents\NetBeansProjects\pp2Tubeskel9\kel9\src\main\java\app\service\TableModel\WasteAllOrdersDataTableModel.java
C:\Users\user\Documents\NetBeansProjects\pp2Tubeskel9\kel9\src\main\java\db\Seeders.java
C:\Users\user\Documents\NetBeansProjects\pp2Tubeskel9\kel9\src\main\java\app\model\KategoriTerbanyak.java
C:\Users\user\Documents\NetBeansProjects\pp2Tubeskel9\kel9\src\main\java\db\MySqlConnection.java
C:\Users\user\Documents\NetBeansProjects\pp2Tubeskel9\kel9\src\main\java\app\service\AppSession.java
C:\Users\user\Documents\NetBeansProjects\pp2Tubeskel9\kel9\src\main\java\dao\OrderDao.java
C:\Users\user\Documents\NetBeansProjects\pp2Tubeskel9\kel9\src\main\java\dao\UserDao.java
C:\Users\user\Documents\NetBeansProjects\pp2Tubeskel9\kel9\src\main\java\app\model\User.java
C:\Users\user\Documents\NetBeansProjects\pp2Tubeskel9\kel9\src\main\java\app\model\Kurir.java
C:\Users\user\Documents\NetBeansProjects\pp2Tubeskel9\kel9\src\main\java\id\ac\unpas\tubes\aut\Login.java
